ID          FIRSTNAME                                          LASTNAME                                           MIDDLEINITIAL SUFFIX PFIRSTNAME                                         PLASTNAME
----------- -------------------------------------------------- -------------------------------------------------- ------------- ------ -------------------------------------------------- --------------------------------------------------
250         Robert                                             Weeks                                                            NULL   NULL                                               Weeks
19205       Ryan                                               Lee                                                              NULL                                                      Lee
20153       Stephen                                            Izevbizua                                                        NULL                                                      Izevbizua
16759       Dorothy                                            Blair                                                            NULL                                                      Blair
433         Henry                                              Bovell                                                           NULL                                                      Bovell
455         Michael                                            Robinson                                                         NULL                                                      Robinson

(77 row(s) affected)

ID          FIRSTNAME                                          LASTNAME                                           MIDDLEINITIAL SUFFIX PFIRSTNAME                                         PLASTNAME
----------- -------------------------------------------------- -------------------------------------------------- ------------- ------ -------------------------------------------------- --------------------------------------------------
250         Robert                                             Weeks                                                            NULL   NULL                                               Weeks
19205       Ryan                                               Lee                                                              NULL                                                      Lee
20153       Stephen                                            Izevbizua                                                        NULL                                                      Izevbizua
16759       Dorothy                                            Blair                                                            NULL                                                      Blair
433         Henry                                              Bovell                                                           NULL                                                      Bovell

(77 row(s) affected)

ID
-----------
1
2
3
51
53
57
59
60
62
63
65
67

(77 row(s) affected)

ID          EMPLOYEEID  TIMEOFFEVENTID ACTIVITYID  TIMEOFFCHOICEID TIMEOFFCHOICERANK TIMEOFFRULE TOTALMINUTES STARTTIME               ENDTIME                 ISDIRTY DIRTYTIME               STATUS      HOURSPERDAY                                                                                                                                                                                                                                                      ORIGMINUTES EXPIRYDATE              ORIGHOURSPERDAY
----------- ----------- -------------- ----------- --------------- ----------------- ----------- ------------ ----------------------- ----------------------- ------- ----------------------- ----------- ---------------------------------------------------------------------------------------------------------------------------------------------------------------------------------------------------------------------------------------------------------------- ----------- ----------------------- ----------------------------------------------------------------------------------------------------------------------------------------------------------------------------------------------------------------------------------------------------------------
1617144     31211       3075107        809         NULL            NULL              2           450          2019-02-01 13:00:00.000 2019-02-01 21:00:00.000 0       2019-02-01 08:30:39.000 1           1:7.5                                                                                                                                                                                                                                                            450         NULL                    
1617179     7906        3075164        809         NULL            NULL              2           450          2019-02-01 13:00:00.000 2019-02-01 21:00:00.000 0       2019-02-01 08:30:48.000 1           1:7.5                                                                                                                                                                                                                                                            450         NULL                    
1617088     34055       3075033        809         NULL            NULL              2           450          2019-02-01 13:30:00.000 2019-02-01 21:30:00.000 0       2019-02-01 08:30:14.000 1           1:7.5                                                                                                                                                                                                                                                            450         NULL                    
